2020-08-22 "Desc0"
Liabilities:Cumulus     TBD                          12.34 CHF

2020-09-09 "Desc1 FXComment1"
Liabilities:Cumulus     TBD                         123.45 CHF

2020-09-23 "Rundungskorrektur"
Liabilities:Cumulus     TBD                           0.02 CHF

