2020-01-20 "Deposit 1000 CHF"
Expenses:TBD     Assets:IB              1000 CHF

2020-02-13 "AAPL(US0378331005) Cash Dividend USD 0.77 per Share (Ordinary Dividend)"
Income:Dividends Assets:IB                10 USD
Income:Dividends Income:Dividends          0 AAPL

2020-02-13 "AAPL(US0378331005) Cash Dividend USD 0.77 per Share - US Tax"
Assets:IB        Expenses:Tax           1.23 USD
Expenses:Tax     Expenses:Tax              0 AAPL

2020-03-21 "Sell -459 CHF @ 1.03371 USD"
Assets:IB        Equity:Equity           459 CHF
Equity:Equity    Assets:IB            449.39 USD
Assets:IB        Expenses:Fees           1.1 EUR

2020-04-12 "Buy 7 AAPL @ 10 USD"
Equity:Equity    Assets:IB                 7 AAPL
Assets:IB        Equity:Equity             1 USD
Assets:IB        Expenses:Fees             1 USD

2020-04-22 balance Assets:IB 10 AAPL
2020-04-22 balance Assets:IB 320.07 CHF
